╭────────────────────────────────────────╮
│ 🔥 HABITS                              │
│                                        │
│ ────────────────────────────────────   │
│                                        │
│ ▶ 🏃 Exercise  ○ ○ ● ● ● ● ●  5/7 🔥5  │
│                                        │
│   Best streak: 5 days 🔥               │
│                                        │
│          T W T F S S M                 │
│                                        │
│                                        │
│                                        │
│                                        │
│                                        │
│                                        │
│                                        │
│                                        │
│                                        │
│                                        │
│                                        │
╰────────────────────────────────────────╯