╭─────────────────────────╮
│ 🔥 HABITS               │
│                         │
│ ─────────────────────   │
│                         │
│ ▶ 🏃 Exercise  ○ ○ ○ ○  │
│ ○ ○ ○  0/7              │
│   📚 Read  ○ ○ ○ ○ ○ ○  │
│ ○  0/7                  │
│                         │
│          T W T F S S M  │
│                         │
│                         │
│                         │
│                         │
│                         │
╰─────────────────────────╯