╭────────────────────────────────────────╮
│ 🔥 HABITS                              │
│                                        │
│ ────────────────────────────────────   │
│                                        │
│ ▶ 🏃 Exercise  ○ ○ ○ ○ ○ ○ ○  0/7      │
│   📚 Reading  ○ ○ ○ ○ ○ ○ ○  0/7       │
│   🧘 Meditation  ○ ○ ○ ○ ○ ○ ○  0/7    │
│                                        │
│          T W T F S S M                 │
│                                        │
│                                        │
│                                        │
│                                        │
│                                        │
│                                        │
│                                        │
│                                        │
│                                        │
│                                        │
│                                        │
╰────────────────────────────────────────╯