╭────────────────────────────────────────╮
│ 🔥 HABITS                              │
│                                        │
│ ────────────────────────────────────   │
│                                        │
│   No habits yet.                       │
│   Press 'a' to add one.                │
│                                        │
│          T W T F S S M                 │
│                                        │
│                                        │
│                                        │
│                                        │
│                                        │
│                                        │
│                                        │
│                                        │
│                                        │
│                                        │
│                                        │
│                                        │
╰────────────────────────────────────────╯