╭────────────────────────────────────────╮
│ ✅ TASKS                               │
│                                        │
│ ────────────────────────────────────   │
│   [ ] Pending task                     │
│   [✓] Completed task                   │
│                                        │
│   1/2 complete                         │
│                                        │
│                                        │
│                                        │
│                                        │
│                                        │
│                                        │
│                                        │
│                                        │
│                                        │
│                                        │
│                                        │
│                                        │
│                                        │
╰────────────────────────────────────────╯