╭────────────────────────────────────────╮
│ ✅ TASKS                               │
│                                        │
│ ────────────────────────────────────   │
│   [ ] Overdue task                !    │
│   [ ] Due today                   T    │
│   [ ] Due tomorrow               +1    │
│   [ ] Due next week              7d    │
│   [ ] No due date                      │
│                                        │
│   0/5 complete                         │
│                                        │
│                                        │
│                                        │
│                                        │
│                                        │
│                                        │
│                                        │
│                                        │
│                                        │
│                                        │
╰────────────────────────────────────────╯