╭────────────────────────────────────────╮
│ ✅ TASKS                               │
│                                        │
│ ────────────────────────────────────   │
│   No tasks yet. Press 'a' to add one.  │
│                                        │
│                                        │
│                                        │
│                                        │
│                                        │
│                                        │
│                                        │
│                                        │
│                                        │
│                                        │
│                                        │
│                                        │
│                                        │
│                                        │
│                                        │
│                                        │
╰────────────────────────────────────────╯