╭────────────────────────────────────────╮
│ ✅ TASKS                               │
│                                        │
│ ────────────────────────────────────   │
│   [ ] A task                           │
│                                        │
│   0/1 complete                         │
│                                        │
│                                        │
│                                        │
│                                        │
│                                        │
│                                        │
│                                        │
│                                        │
│                                        │
│                                        │
│                                        │
│                                        │
│                                        │
│                                        │
╰────────────────────────────────────────╯