╭────────────────────────────────────────╮
│ ✅ TASKS                               │
│                                        │
│ ────────────────────────────────────   │
│   [ ] Review PR                        │
│   [ ] Write tests                      │
│   [ ] Buy groceries                    │
│                                        │
│   0/3 complete                         │
│                                        │
│                                        │
│                                        │
│                                        │
│                                        │
│                                        │
│                                        │
│                                        │
│                                        │
│                                        │
│                                        │
│                                        │
╰────────────────────────────────────────╯