╭────────────────────────────────────────╮
│ ✅ TASKS                               │
│                                        │
│ ────────────────────────────────────   │
│  ![ ] High priority task               │
│  ~[ ] Medium priority task             │
│   [ ] Low priority task                │
│   [ ] No priority task                 │
│                                        │
│   0/4 complete                         │
│                                        │
│                                        │
│                                        │
│                                        │
│                                        │
│                                        │
│                                        │
│                                        │
│                                        │
│                                        │
│                                        │
╰────────────────────────────────────────╯