╭─────────────────────────╮
│ ⏱️  TIMER               │
│                         │
│ ─────────────────────   │
│                         │
│   ■ Not running         │
│                         │
│   Press space to start  │
│                         │
│   Today: 00:00:00       │
│   Week:  00:00:00       │
│                         │
│   Recent:               │
│     No entries yet      │
│                         │
│                         │
╰─────────────────────────╯